Updated Tue Aug 25 09:00:17 UTC 2026
Updated Tue Aug 25 15:26:30 UTC 2026
Updated Tue Aug 25 17:49:14 UTC 2026
Updated Tue Aug 25 20:39:11 UTC 2026
Updated Wed Aug 26 09:02:14 UTC 2026
Updated Wed Aug 26 23:21:45 UTC 2026
Updated Thu Aug 27 21:04:36 UTC 2026
Updated Fri Aug 28 21:28:26 UTC 2026
Updated Fri Aug 28 23:40:06 UTC 2026
Updated Sat Aug 29 00:59:47 UTC 2026
Updated Sat Aug 29 15:43:34 UTC 2026
Updated Sat Aug 29 19:48:22 UTC 2026
Updated Sat Aug 29 22:36:35 UTC 2026
Updated Sun Aug 30 13:47:48 UTC 2026
Updated Sun Aug 30 15:24:26 UTC 2026
Updated Sun Aug 30 19:51:52 UTC 2026
Updated Mon Aug 31 16:09:34 UTC 2026
Updated Mon Aug 31 20:21:57 UTC 2026
Updated Mon Aug 31 21:55:42 UTC 2026
Updated Tue Sep  1 15:30:11 UTC 2026
Updated Wed Sep  2 12:46:13 UTC 2026
Updated Wed Sep  2 18:02:23 UTC 2026
Updated Thu Sep  3 12:49:33 UTC 2026
Updated Thu Sep  3 18:03:08 UTC 2026
Updated Thu Sep  3 19:56:36 UTC 2026
Updated Fri Sep  4 12:43:14 UTC 2026
Updated Fri Sep  4 15:02:06 UTC 2026
Updated Fri Sep  4 22:18:33 UTC 2026
Updated Sat Sep  5 19:06:34 UTC 2026
Updated Sun Sep  6 12:08:40 UTC 2026
Updated Sun Sep  6 14:18:23 UTC 2026
Updated Sun Sep  6 17:20:37 UTC 2026
Updated Sun Sep  6 19:16:57 UTC 2026
Updated Mon Sep  7 16:35:33 UTC 2026
Updated Mon Sep  7 18:51:07 UTC 2026
Updated Mon Sep  7 20:38:34 UTC 2026
Updated Tue Sep  8 15:13:24 UTC 2026
Updated Tue Sep  8 18:04:39 UTC 2026
Updated Tue Sep  8 19:57:07 UTC 2026
Updated Wed Sep  9 15:13:15 UTC 2026
Updated Wed Sep  9 17:58:05 UTC 2026
Updated Wed Sep  9 19:50:34 UTC 2026
Updated Thu Sep 10 15:04:50 UTC 2026
Updated Thu Sep 10 17:51:34 UTC 2026
Updated Thu Sep 10 22:28:03 UTC 2026
Updated Fri Sep 11 12:49:23 UTC 2026
Updated Fri Sep 11 15:08:06 UTC 2026
Updated Fri Sep 11 17:53:32 UTC 2026
Updated Fri Sep 11 22:28:43 UTC 2026
Updated Sat Sep 12 12:10:46 UTC 2026
Updated Sat Sep 12 19:26:51 UTC 2026
Updated Sun Sep 13 13:18:23 UTC 2026
Updated Mon Sep 14 20:57:59 UTC 2026
Updated Tue Sep 15 15:38:00 UTC 2026
Updated Tue Sep 15 22:51:32 UTC 2026
Updated Wed Sep 16 13:30:09 UTC 2026
Updated Wed Sep 16 15:28:34 UTC 2026
Updated Wed Sep 16 18:24:57 UTC 2026
Updated Thu Sep 17 15:35:54 UTC 2026
Updated Thu Sep 17 22:48:46 UTC 2026
Updated Fri Sep 18 19:42:59 UTC 2026
Updated Fri Sep 18 22:30:23 UTC 2026
Updated Sat Sep 19 12:29:49 UTC 2026
Updated Sat Sep 19 19:22:23 UTC 2026
Updated Sat Sep 19 22:18:06 UTC 2026
